09:21:02 **** Incremental Build of configuration Debug for project PLL_SYSCLK ****
make -j4 all 
arm-none-eabi-gcc "../Core/Src/main_app.c" -mcpu=cortex-m4 -std=gnu11 -g3 -DDEBUG -DUSE_HAL_DRIVER -DSTM32F411xE -c -I../Core/Inc -I../Drivers/STM32F4xx_HAL_Driver/Inc -I../Drivers/STM32F4xx_HAL_Driver/Inc/Legacy -I../Drivers/CMSIS/Device/ST/STM32F4xx/Include -I../Drivers/CMSIS/Include -O0 -ffunction-sections -fdata-sections -Wall -fstack-usage -fcyclomatic-complexity -MMD -MP -MF"Core/Src/main_app.d" -MT"Core/Src/main_app.o" --specs=nano.specs -mfpu=fpv4-sp-d16 -mfloat-abi=hard -mthumb -o "Core/Src/main_app.o"
arm-none-eabi-gcc -o "PLL_SYSCLK.elf" @"objects.list"   -mcpu=cortex-m4 -T"/home/etienne.lima/STM32CubeIDE/mastering_mcus/PLL_SYSCLK/STM32F411RETX_FLASH.ld" --specs=nosys.specs -Wl,-Map="PLL_SYSCLK.map" -Wl,--gc-sections -static --specs=nano.specs -mfpu=fpv4-sp-d16 -mfloat-abi=hard -mthumb -Wl,--start-group -lc -lm -Wl,--end-group
Finished building target: PLL_SYSCLK.elf
 
arm-none-eabi-size  PLL_SYSCLK.elf 
arm-none-eabi-objdump -h -S PLL_SYSCLK.elf  > "PLL_SYSCLK.list"
   text	   data	    bss	    dec	    hex	filename
  11152	     92	   2076	  13320	   3408	PLL_SYSCLK.elf
Finished building: default.size.stdout
 
Finished building: PLL_SYSCLK.list
 

09:21:03 Build Finished. 0 errors, 0 warnings. (took 796ms)

