09:20:48 **** Incremental Build of configuration Debug for project uart2_example ****
make -j4 all 
arm-none-eabi-gcc "../Core/Src/main_app.c" -mcpu=cortex-m4 -std=gnu11 -g3 -DDEBUG -DUSE_HAL_DRIVER -DSTM32F411xE -c -I../Core/Inc -I../Drivers/STM32F4xx_HAL_Driver/Inc -I../Drivers/STM32F4xx_HAL_Driver/Inc/Legacy -I../Drivers/CMSIS/Device/ST/STM32F4xx/Include -I../Drivers/CMSIS/Include -O0 -ffunction-sections -fdata-sections -Wall -fstack-usage -fcyclomatic-complexity -MMD -MP -MF"Core/Src/main_app.d" -MT"Core/Src/main_app.o" --specs=nano.specs -mfpu=fpv4-sp-d16 -mfloat-abi=hard -mthumb -o "Core/Src/main_app.o"
arm-none-eabi-gcc -o "uart2_example.elf" @"objects.list"   -mcpu=cortex-m4 -T"/home/etienne.lima/STM32CubeIDE/mastering_mcus/uart2_example/STM32F411RETX_FLASH.ld" --specs=nosys.specs -Wl,-Map="uart2_example.map" -Wl,--gc-sections -static --specs=nano.specs -mfpu=fpv4-sp-d16 -mfloat-abi=hard -mthumb -Wl,--start-group -lc -lm -Wl,--end-group
Finished building target: uart2_example.elf
 
arm-none-eabi-size  uart2_example.elf 
arm-none-eabi-objdump -h -S uart2_example.elf  > "uart2_example.list"
   text	   data	    bss	    dec	    hex	filename
   6164	     16	   1752	   7932	   1efc	uart2_example.elf
Finished building: default.size.stdout
 
Finished building: uart2_example.list
 

09:20:49 Build Finished. 0 errors, 0 warnings. (took 792ms)

